[debug] [2026-02-07T15:33:20.619Z] ----------------------------------------------------------------------
[debug] [2026-02-07T15:33:20.621Z] Command:       C:\Program Files\nodejs\node.exe C:\Users\anush\AppData\Roaming\npm\node_modules\firebase-tools\lib\bin\firebase.js init functions
[debug] [2026-02-07T15:33:20.621Z] CLI Version:   15.5.1
[debug] [2026-02-07T15:33:20.621Z] Platform:      win32
[debug] [2026-02-07T15:33:20.621Z] Node Version:  v22.17.0
[debug] [2026-02-07T15:33:20.621Z] Time:          Sat Feb 07 2026 21:03:20 GMT+0530 (India Standard Time)
[debug] [2026-02-07T15:33:20.621Z] ----------------------------------------------------------------------
[debug] 
[debug] [2026-02-07T15:33:20.623Z] >>> [apiv2][query] GET https://firebase-public.firebaseio.com/cli.json [none]
[debug] [2026-02-07T15:33:22.279Z] Object "" in "firebase.json" has unknown property: {"additionalProperty":"flutter"}
[debug] [2026-02-07T15:33:22.329Z] Object "" in "firebase.json" has unknown property: {"additionalProperty":"flutter"}
[info] 
     ######## #### ########  ######## ########     ###     ######  ########
     ##        ##  ##     ## ##       ##     ##  ##   ##  ##       ##
     ######    ##  ########  ######   ########  #########  ######  ######
     ##        ##  ##    ##  ##       ##     ## ##     ##       ## ##
     ##       #### ##     ## ######## ########  ##     ##  ######  ########

You're about to initialize a Firebase project in this directory:

  A:\admin_panel

Before we get started, keep in mind:

  * You are initializing within an existing Firebase project directory

[debug] [2026-02-07T15:33:26.893Z] <<< [apiv2][status] GET https://firebase-public.firebaseio.com/cli.json 200
[debug] [2026-02-07T15:33:26.894Z] <<< [apiv2][body] GET https://firebase-public.firebaseio.com/cli.json {"cloudBuildErrorAfter":1594252800000,"cloudBuildWarnAfter":1590019200000,"defaultNode10After":1594252800000,"minVersion":"3.0.5","node8DeploysDisabledAfter":1613390400000,"node8RuntimeDisabledAfter":1615809600000,"node8WarnAfter":1600128000000}
[info] 
=== Project Setup
[info] 
[info] First, let's associate this project directory with a Firebase project.
[info] You can create multiple project aliases by running firebase use --add, 
[info] 
[debug] [2026-02-07T15:33:38.072Z] > command requires scopes: ["email","openid","https://www.googleapis.com/auth/cloudplatformprojects.readonly","https://www.googleapis.com/auth/firebase","https://www.googleapis.com/auth/cloud-platform"]
[debug] [2026-02-07T15:33:38.073Z] > authorizing via signed-in user (anupriyac316@gmail.com)
[debug] [2026-02-07T15:33:38.076Z] Checked if tokens are valid: false, expires at: 1769370697866
[debug] [2026-02-07T15:33:38.077Z] Checked if tokens are valid: false, expires at: 1769370697866
[debug] [2026-02-07T15:33:38.078Z] > refreshing access token with scopes: []
[debug] [2026-02-07T15:33:38.081Z] >>> [apiv2][query] POST https://www.googleapis.com/oauth2/v3/token [none]
[debug] [2026-02-07T15:33:38.081Z] >>> [apiv2][body] POST https://www.googleapis.com/oauth2/v3/token [omitted]
[debug] [2026-02-07T15:33:40.203Z] <<< [apiv2][status] POST https://www.googleapis.com/oauth2/v3/token 200
[debug] [2026-02-07T15:33:40.203Z] <<< [apiv2][body] POST https://www.googleapis.com/oauth2/v3/token [omitted]
[debug] [2026-02-07T15:33:40.262Z] >>> [apiv2][query] GET https://firebase.googleapis.com/v1beta1/projects/college-app-275ae [none]
[debug] [2026-02-07T15:33:41.593Z] <<< [apiv2][status] GET https://firebase.googleapis.com/v1beta1/projects/college-app-275ae 200
[debug] [2026-02-07T15:33:41.593Z] <<< [apiv2][body] GET https://firebase.googleapis.com/v1beta1/projects/college-app-275ae {"projectId":"college-app-275ae","projectNumber":"23126690932","displayName":"College App","name":"projects/college-app-275ae","resources":{"hostingSite":"college-app-275ae"},"state":"ACTIVE","etag":"1_091f011d-408f-4c33-8261-d4d150b4974c"}
[info] i  Using project college-app-275ae (College App) . 
[info] 
=== Functions Setup
[debug] [2026-02-07T15:33:41.644Z] > command requires scopes: ["email","openid","https://www.googleapis.com/auth/cloudplatformprojects.readonly","https://www.googleapis.com/auth/firebase","https://www.googleapis.com/auth/cloud-platform"]
[debug] [2026-02-07T15:33:41.645Z] > authorizing via signed-in user (anupriyac316@gmail.com)
[debug] [2026-02-07T15:33:41.645Z] [iam] checking project college-app-275ae for permissions ["firebase.projects.get"]
[debug] [2026-02-07T15:33:41.646Z] Checked if tokens are valid: true, expires at: 1770482019204
[debug] [2026-02-07T15:33:41.646Z] Checked if tokens are valid: true, expires at: 1770482019204
[debug] [2026-02-07T15:33:41.646Z] >>> [apiv2][query] POST https://cloudresourcemanager.googleapis.com/v1/projects/college-app-275ae:testIamPermissions [none]
[debug] [2026-02-07T15:33:41.646Z] >>> [apiv2][(partial)header] POST https://cloudresourcemanager.googleapis.com/v1/projects/college-app-275ae:testIamPermissions  x-goog-user-project=college-app-275ae
[debug] [2026-02-07T15:33:41.646Z] >>> [apiv2][body] POST https://cloudresourcemanager.googleapis.com/v1/projects/college-app-275ae:testIamPermissions {"permissions":["firebase.projects.get"]}
[debug] [2026-02-07T15:33:44.226Z] <<< [apiv2][status] POST https://cloudresourcemanager.googleapis.com/v1/projects/college-app-275ae:testIamPermissions 200
[debug] [2026-02-07T15:33:44.226Z] <<< [apiv2][body] POST https://cloudresourcemanager.googleapis.com/v1/projects/college-app-275ae:testIamPermissions {"permissions":["firebase.projects.get"]}
[info] Let's create a new codebase for your functions.
[info] A directory corresponding to the codebase will be created in your project
[info] with sample code pre-configured.

[info] See https://firebase.google.com/docs/functions/organize-functions for
[info] more information on organizing your functions using codebases.

[info] Functions can be deployed with firebase deploy.

[info] +  Wrote functions/requirements.txt 
[info] +  Wrote functions/.gitignore 
[info] +  Wrote functions/main.py 
[debug] [2026-02-07T15:34:34.391Z] Running command with virtualenv: command="A:\admin_panel\functions\venv\Scripts\activate.bat", args=["","&&","pip3","install","--upgrade","pip"]
[debug] [2026-02-07T15:34:43.356Z] Error: spawn "A:\admin_panel\functions\venv\Scripts\activate.bat" ENOENT
    at notFoundError (C:\Users\anush\AppData\Roaming\npm\node_modules\firebase-tools\node_modules\cross-spawn\lib\enoent.js:6:26)
    at verifyENOENT (C:\Users\anush\AppData\Roaming\npm\node_modules\firebase-tools\node_modules\cross-spawn\lib\enoent.js:40:16)
    at cp.emit (C:\Users\anush\AppData\Roaming\npm\node_modules\firebase-tools\node_modules\cross-spawn\lib\enoent.js:27:25)
    at ChildProcess._handle.onexit (node:internal/child_process:293:12)
    at Process.callbackTrampoline (node:internal/async_hooks:130:17)
[error] 
[error] Error: An unexpected error has occurred.
